    1  20:09:01.743430 IP 78.140.0.12 > 217.29.94.29: GREv1, call 49152, seq 2983, ack 3040, length 66: IP 109.123.190.30.52583 > 78.140.3.124.666: UDP, length 18
